provinces = "locations.png"
rivers = "rivers.png"
topology = "heightmap.heightmap"
adjacencies = "adjacencies.csv"
setup = "definitions.txt"
ports = "ports.csv"
location_templates = "location_templates.txt"

equator_y = 1024
wrap_x = yes

#############
# VOLCANOES
#############
volcanoes = {
}

###################################
# All possible earthquake zones
###################################
earthquakes = {
}

#############
# SEA ZONES
#############
# European Seas
sea_zones = { 
	province401
	province404
	province416
} 

###############
# MAJOR RIVERS
###############
#river_provinces = { 1 2 }		#Thames

########
# LAKES
########
lakes = { 
} 

#####################
# IMPASSABLE TERRAIN
#####################
# Can be colored by whoever owns the most of the province's neighbors.
# Blocks unit movement.

impassable_mountains = {
	province421
	province422
	province423
	province424
	province425
	province426
	province427
	province428
	province429
	province430
}

non_ownable = {
}